IssueComment
  { issueCommentUpdatedAt = 2016 (-04) (-05) 00 : 25 : 49 UTC
  , issueCommentUser =
      SimpleUser
        { simpleUserId = Id 552910
        , simpleUserLogin = N "Tryneus"
        , simpleUserAvatarUrl =
            "https://avatars.githubusercontent.com/u/552910?v=3"
        , simpleUserUrl = "https://api.github.com/users/Tryneus"
        , simpleUserType = OwnerUser
        }
  , issueCommentUrl =
      "https://api.github.com/repos/rethinkdb/rethinkdb/issues/comments/205557353"
  , issueCommentHtmlUrl =
      "https://github.com/rethinkdb/rethinkdb/issues/5597#issuecomment-205557353"
  , issueCommentCreatedAt = 2016 (-04) (-05) 00 : 25 : 49 UTC
  , issueCommentBody =
      "@AtnNn - I seem to be ending up with files that I haven't modified, but git reports them as modified, and I can't discard the changes.  This usually seems to show up when I'm switching/merging branches.  Example:\r\n\r\n```\r\ngrey@newton:~/rethinkdb/src$ git checkout -- ../external\r\ngrey@newton:~/rethinkdb/src$ git status\r\n# On branch grey_issue_5458\r\n# Changes not staged for commit:\r\n#   (use \"git add <file>...\" to update what will be committed)\r\n#   (use \"git checkout -- <file>...\" to discard changes in working directory)\r\n#\r\n#    modified:   ../external/gtest_1.7.0/msvc/gtest-md.sln\r\n#    modified:   ../external/gtest_1.7.0/msvc/gtest-md.vcproj\r\n#    modified:   ../external/gtest_1.7.0/msvc/gtest.sln\r\n#    modified:   ../external/gtest_1.7.0/msvc/gtest.vcproj\r\n#    modified:   ../external/gtest_1.7.0/msvc/gtest_main-md.vcproj\r\n#    modified:   ../external/gtest_1.7.0/msvc/gtest_main.vcproj\r\n#    modified:   ../external/gtest_1.7.0/msvc/gtest_prod_test-md.vcproj\r\n#    modified:   ../external/gtest_1.7.0/msvc/gtest_prod_test.vcproj\r\n#    modified:   ../external/gtest_1.7.0/msvc/gtest_unittest-md.vcproj\r\n#    modified:   ../external/gtest_1.7.0/msvc/gtest_unittest.vcproj\r\n```"
  , issueCommentId = 205557353
  }