Issue
  { issueClosedAt = Just 2014 (-10) (-02) 01 : 01 : 41 UTC
  , issueUpdatedAt = 2014 (-10) (-02) 01 : 01 : 41 UTC
  , issueEventsUrl =
      "https://api.github.com/repos/rethinkdb/rethinkdb/issues/2402/events"
  , issueHtmlUrl =
      Just "https://github.com/rethinkdb/rethinkdb/issues/2402"
  , issueClosedBy = Nothing
  , issueLabels =
      [ IssueLabel
          { labelColor = "e102d8"
          , labelUrl =
              "https://api.github.com/repos/rethinkdb/rethinkdb/labels/tp:bug"
          , labelName = "tp:bug"
          }
      ]
  , issueNumber = 2402
  , issueAssignee =
      Just
        SimpleUser
          { simpleUserId = Id 505365
          , simpleUserLogin = N "danielmewes"
          , simpleUserAvatarUrl =
              "https://avatars.githubusercontent.com/u/505365?v=3"
          , simpleUserUrl = "https://api.github.com/users/danielmewes"
          , simpleUserType = OwnerUser
          }
  , issueUser =
      SimpleUser
        { simpleUserId = Id 10422
        , simpleUserLogin = N "dmitrig01"
        , simpleUserAvatarUrl =
            "https://avatars.githubusercontent.com/u/10422?v=3"
        , simpleUserUrl = "https://api.github.com/users/dmitrig01"
        , simpleUserType = OwnerUser
        }
  , issueTitle = "OOM error"
  , issuePullRequest = Nothing
  , issueUrl =
      "https://api.github.com/repos/rethinkdb/rethinkdb/issues/2402"
  , issueCreatedAt = 2014 (-05) (-16) 05 : 20 : 39 UTC
  , issueBody =
      Just
        "Running along with business as usual, and:\n\n```\nMay 16 04:32:26 ip-10-226-3-33 kernel: [1463818.118812] rethinkdb invoked oom-killer: gfp_mask=0x201da, order=0, oom_adj=0, oom_score_adj=0\nMay 16 04:32:26 ip-10-226-3-33 kernel: [1463818.118816] rethinkdb cpuset=/ mems_allowed=0\nMay 16 04:32:26 ip-10-226-3-33 kernel: [1463818.118819] Pid: 16676, comm: rethinkdb Not tainted 3.2.0-58-virtual #88-Ubuntu\nMay 16 04:32:26 ip-10-226-3-33 kernel: [1463818.118821] Call Trace:\nMay 16 04:32:26 ip-10-226-3-33 kernel: [1463818.118827]  [<ffffffff81119df1>] dump_header+0x91/0xe0\nMay 16 04:32:26 ip-10-226-3-33 kernel: [1463818.118830]  [<ffffffff8111a175>] oom_kill_process+0x85/0xb0\nMay 16 04:32:26 ip-10-226-3-33 kernel: [1463818.118832]  [<ffffffff8111a51a>] out_of_memory+0xfa/0x220\nMay 16 04:32:26 ip-10-226-3-33 kernel: [1463818.118835]  [<ffffffff8111fef3>] __alloc_pages_nodemask+0x8c3/0x8e0\nMay 16 04:32:26 ip-10-226-3-33 kernel: [1463818.118841]  [<ffffffff8165b51a>] ? error_exit+0x2a/0x60\nMay 16 04:32:26 ip-10-226-3-33 kernel: [1463818.118851]  [<ffffffff81157026>] alloc_pages_current+0xb6/0x120\nMay 16 04:32:26 ip-10-226-3-33 kernel: [1463818.118855]  [<ffffffff81116d17>] __page_cache_alloc+0xb7/0xd0\nMay 16 04:32:26 ip-10-226-3-33 kernel: [1463818.118857]  [<ffffffff81118ce2>] filemap_fault+0x212/0x3c0\nMay 16 04:32:26 ip-10-226-3-33 kernel: [1463818.118861]  [<ffffffff811393c2>] __do_fault+0x72/0x550\nMay 16 04:32:26 ip-10-226-3-33 kernel: [1463818.118863]  [<ffffffff811237dd>] ? lru_cache_add_lru+0x2d/0x50\nMay 16 04:32:26 ip-10-226-3-33 kernel: [1463818.118866]  [<ffffffff8113ca7a>] handle_pte_fault+0xfa/0x200\nMay 16 04:32:26 ip-10-226-3-33 kernel: [1463818.118869]  [<ffffffff810063fe>] ? xen_pmd_val+0xe/0x10\nMay 16 04:32:26 ip-10-226-3-33 kernel: [1463818.118872]  [<ffffffff81005379>] ? __raw_callee_save_xen_pmd_val+0x11/0x1e\nMay 16 04:32:26 ip-10-226-3-33 kernel: [1463818.118874]  [<ffffffff8113dd59>] handle_mm_fault+0x269/0x370\nMay 16 04:32:26 ip-10-226-3-33 kernel: [1463818.118877]  [<ffffffff8100a63d>] ? xen_force_evtchn_callback+0xd/0x10\nMay 16 04:32:26 ip-10-226-3-33 kernel: [1463818.118880]  [<ffffffff8165e684>] do_page_fault+0x184/0x550\nMay 16 04:32:26 ip-10-226-3-33 kernel: [1463818.118882]  [<ffffffff81004dd2>] ? xen_mc_flush+0xb2/0x1c0\nMay 16 04:32:26 ip-10-226-3-33 kernel: [1463818.118886]  [<ffffffff810a00a8>] ? do_futex+0xd8/0x1b0\nMay 16 04:32:26 ip-10-226-3-33 kernel: [1463818.118888]  [<ffffffff810a02c2>] ? sys_futex+0x142/0x1a0\nMay 16 04:32:26 ip-10-226-3-33 kernel: [1463818.118891]  [<ffffffff8165b2b5>] page_fault+0x25/0x30\nMay 16 04:32:26 ip-10-226-3-33 kernel: [1463818.118892] Mem-Info:\nMay 16 04:32:26 ip-10-226-3-33 kernel: [1463818.118894] Node 0 DMA per-cpu:\nMay 16 04:32:26 ip-10-226-3-33 kernel: [1463818.118896] CPU    0: hi:    0, btch:   1 usd:   0\nMay 16 04:32:26 ip-10-226-3-33 kernel: [1463818.118897] CPU    1: hi:    0, btch:   1 usd:   0\nMay 16 04:32:26 ip-10-226-3-33 kernel: [1463818.118898] Node 0 DMA32 per-cpu:\nMay 16 04:32:26 ip-10-226-3-33 kernel: [1463818.118900] CPU    0: hi:  186, btch:  31 usd:  30\nMay 16 04:32:26 ip-10-226-3-33 kernel: [1463818.118901] CPU    1: hi:  186, btch:  31 usd:  11\nMay 16 04:32:26 ip-10-226-3-33 kernel: [1463818.118902] Node 0 Normal per-cpu:\nMay 16 04:32:26 ip-10-226-3-33 kernel: [1463818.118904] CPU    0: hi:  186, btch:  31 usd:  30\nMay 16 04:32:26 ip-10-226-3-33 kernel: [1463818.118905] CPU    1: hi:  186, btch:  31 usd: 184\nMay 16 04:32:26 ip-10-226-3-33 kernel: [1463818.118908] active_anon:1866207 inactive_anon:37 isolated_anon:0\nMay 16 04:32:26 ip-10-226-3-33 kernel: [1463818.118908]  active_file:11 inactive_file:51 isolated_file:0\nMay 16 04:32:26 ip-10-226-3-33 kernel: [1463818.118909]  unevictable:0 dirty:0 writeback:0 unstable:0\nMay 16 04:32:26 ip-10-226-3-33 kernel: [1463818.118909]  free:8249 slab_reclaimable:1942 slab_unreclaimable:3120\nMay 16 04:32:26 ip-10-226-3-33 kernel: [1463818.118910]  mapped:53 shmem:46 pagetables:4130 bounce:0\nMay 16 04:32:26 ip-10-226-3-33 kernel: [1463818.118912] Node 0 DMA free:7856kB min:8kB low:8kB high:12kB active_anon:0kB inactive_anon:0kB active_file:0kB inactive_file:0kB unevictable:0kB isolated(anon):0kB isolated(file):0kB present:7600kB mlocked:0kB dirty:0kB writeback:0kB mapped:0kB shmem:0kB slab_reclaimable:0kB slab_unreclaimable:0kB kernel_stack:0kB pagetables:0kB unstable:0kB bounce:0kB writeback_tmp:0kB pages_scanned:0 all_unreclaimable? yes\nMay 16 04:32:26 ip-10-226-3-33 kernel: [1463818.118918] lowmem_reserve[]: 0 4016 7552 7552\nMay 16 04:32:26 ip-10-226-3-33 kernel: [1463818.118921] Node 0 DMA32 free:19948kB min:5912kB low:7388kB high:8868kB active_anon:4047668kB inactive_anon:0kB active_file:0kB inactive_file:56kB unevictable:0kB isolated(anon):0kB isolated(file):0kB present:4112640kB mlocked:0kB dirty:0kB writeback:0kB mapped:92kB shmem:0kB slab_reclaimable:328kB slab_unreclaimable:996kB kernel_stack:0kB pagetables:7980kB unstable:0kB bounce:0kB writeback_tmp:0kB pages_scanned:53 all_unreclaimable? yes\nMay 16 04:32:26 ip-10-226-3-33 kernel: [1463818.118927] lowmem_reserve[]: 0 0 3535 3535\nMay 16 04:32:26 ip-10-226-3-33 kernel: [1463818.118929] Node 0 Normal free:5192kB min:5204kB low:6504kB high:7804kB active_anon:3417160kB inactive_anon:148kB active_file:64kB inactive_file:148kB unevictable:0kB isolated(anon):0kB isolated(file):0kB present:3620736kB mlocked:0kB dirty:0kB writeback:0kB mapped:120kB shmem:184kB slab_reclaimable:7440kB slab_unreclaimable:11484kB kernel_stack:1088kB pagetables:8540kB unstable:0kB bounce:0kB writeback_tmp:0kB pages_scanned:525 all_unreclaimable? yes\nMay 16 04:32:26 ip-10-226-3-33 kernel: [1463818.118936] lowmem_reserve[]: 0 0 0 0\nMay 16 04:32:26 ip-10-226-3-33 kernel: [1463818.118938] Node 0 DMA: 2*4kB 3*8kB 1*16kB 2*32kB 3*64kB 3*128kB 2*256kB 1*512kB 2*1024kB 2*2048kB 0*4096kB = 7856kB\nMay 16 04:32:26 ip-10-226-3-33 kernel: [1463818.118945] Node 0 DMA32: 197*4kB 125*8kB 59*16kB 44*32kB 35*64kB 10*128kB 6*256kB 3*512kB 3*1024kB 1*2048kB 1*4096kB = 19948kB\nMay 16 04:32:26 ip-10-226-3-33 kernel: [1463818.118952] Node 0 Normal: 466*4kB 8*8kB 3*16kB 0*32kB 1*64kB 1*128kB 0*256kB 0*512kB 1*1024kB 1*2048kB 0*4096kB = 5240kB\nMay 16 04:32:26 ip-10-226-3-33 kernel: [1463818.118958] 125 total pagecache pages\nMay 16 04:32:26 ip-10-226-3-33 kernel: [1463818.118960] 0 pages in swap cache\nMay 16 04:32:26 ip-10-226-3-33 kernel: [1463818.118961] Swap cache stats: add 0, delete 0, find 0/0\nMay 16 04:32:26 ip-10-226-3-33 kernel: [1463818.118962] Free swap  = 0kB\nMay 16 04:32:26 ip-10-226-3-33 kernel: [1463818.118963] Total swap = 0kB\nMay 16 04:32:26 ip-10-226-3-33 kernel: [1463818.129677] 1968112 pages RAM\nMay 16 04:32:26 ip-10-226-3-33 kernel: [1463818.129679] 60748 pages reserved\nMay 16 04:32:26 ip-10-226-3-33 kernel: [1463818.129681] 270 pages shared\nMay 16 04:32:26 ip-10-226-3-33 kernel: [1463818.129682] 1898485 pages non-shared\nMay 16 04:32:26 ip-10-226-3-33 kernel: [1463818.129684] [ pid ]   uid  tgid total_vm      rss cpu oom_adj oom_score_adj name\nMay 16 04:32:26 ip-10-226-3-33 kernel: [1463818.129693] [  272]     0   272     4309       46   1       0             0 upstart-udev-br\nMay 16 04:32:26 ip-10-226-3-33 kernel: [1463818.129696] [  274]     0   274     5401      132   1     -17         -1000 udevd\nMay 16 04:32:26 ip-10-226-3-33 kernel: [1463818.129699] [  355]     0   355     5400      127   0     -17         -1000 udevd\nMay 16 04:32:26 ip-10-226-3-33 kernel: [1463818.129702] [  357]     0   357     5400      128   1     -17         -1000 udevd\nMay 16 04:32:26 ip-10-226-3-33 kernel: [1463818.129706] [  418]     0   418     3798       49   1       0             0 upstart-socket-\nMay 16 04:32:26 ip-10-226-3-33 kernel: [1463818.129710] [  464]     0   464     1817      124   0       0             0 dhclient3\nMay 16 04:32:26 ip-10-226-3-33 kernel: [1463818.129713] [  626]     0   626    12509      152   1     -17         -1000 sshd\nMay 16 04:32:26 ip-10-226-3-33 kernel: [1463818.129717] [  642]   101   642    63527      672   0       0             0 rsyslogd\nMay 16 04:32:26 ip-10-226-3-33 kernel: [1463818.129720] [  650]   102   650     5955       74   1       0             0 dbus-daemon\nMay 16 04:32:26 ip-10-226-3-33 kernel: [1463818.129723] [  714]     0   714     3234       40   0       0             0 getty\nMay 16 04:32:26 ip-10-226-3-33 kernel: [1463818.129727] [  723]     0   723     3234       42   1       0             0 getty\nMay 16 04:32:26 ip-10-226-3-33 kernel: [1463818.129730] [  735]     0   735     3234       42   1       0             0 getty\nMay 16 04:32:26 ip-10-226-3-33 kernel: [1463818.129733] [  736]     0   736     3234       41   1       0             0 getty\nMay 16 04:32:26 ip-10-226-3-33 kernel: [1463818.129737] [  741]     0   741     3234       41   0       0             0 getty\nMay 16 04:32:26 ip-10-226-3-33 kernel: [1463818.129740] [  748]     0   748     1083       35   1       0             0 acpid\nMay 16 04:32:26 ip-10-226-3-33 kernel: [1463818.129743] [  749]     0   749     4779       51   0       0             0 cron\nMay 16 04:32:26 ip-10-226-3-33 kernel: [1463818.129746] [  750]     0   750     4228       39   1       0             0 atd\nMay 16 04:32:26 ip-10-226-3-33 kernel: [1463818.129749] [  788]     0   788     3234       41   1       0             0 getty\nMay 16 04:32:26 ip-10-226-3-33 kernel: [1463818.129753] [  790]   103   790    46919      300   1       0             0 whoopsie\nMay 16 04:32:26 ip-10-226-3-33 kernel: [1463818.129756] [ 4853]   106  4853     9444      159   0       0             0 ntpd\nMay 16 04:32:26 ip-10-226-3-33 kernel: [1463818.129759] [16673]  1000 16673  1930549  1861622   0       0             0 rethinkdb\nMay 16 04:32:26 ip-10-226-3-33 kernel: [1463818.129763] [16674]  1000 16674    18773      226   1       0             0 rethinkdb\nMay 16 04:32:26 ip-10-226-3-33 kernel: [1463818.129766] Out of memory: Kill process 16673 (rethinkdb) score 977 or sacrifice child\nMay 16 04:32:26 ip-10-226-3-33 kernel: [1463818.129786] Killed process 16674 (rethinkdb) total-vm:75092kB, anon-rss:904kB, file-rss:0kB\nMay 16 04:32:43 ip-10-226-3-33 kernel: [1463835.143131] rethinkdb invoked oom-killer: gfp_mask=0x201da, order=0, oom_adj=0, oom_score_adj=0\nMay 16 04:32:43 ip-10-226-3-33 kernel: [1463835.143135] rethinkdb cpuset=/ mems_allowed=0\nMay 16 04:32:43 ip-10-226-3-33 kernel: [1463835.143138] Pid: 16675, comm: rethinkdb Not tainted 3.2.0-58-virtual #88-Ubuntu\nMay 16 04:32:43 ip-10-226-3-33 kernel: [1463835.143140] Call Trace:\nMay 16 04:32:43 ip-10-226-3-33 kernel: [1463835.143147]  [<ffffffff81119df1>] dump_header+0x91/0xe0\nMay 16 04:32:43 ip-10-226-3-33 kernel: [1463835.143149]  [<ffffffff8111a175>] oom_kill_process+0x85/0xb0\nMay 16 04:32:43 ip-10-226-3-33 kernel: [1463835.143151]  [<ffffffff8111a51a>] out_of_memory+0xfa/0x220\nMay 16 04:32:43 ip-10-226-3-33 kernel: [1463835.143154]  [<ffffffff8111fef3>] __alloc_pages_nodemask+0x8c3/0x8e0\nMay 16 04:32:43 ip-10-226-3-33 kernel: [1463835.143159]  [<ffffffff81157026>] alloc_pages_current+0xb6/0x120\nMay 16 04:32:43 ip-10-226-3-33 kernel: [1463835.143162]  [<ffffffff81116d17>] __page_cache_alloc+0xb7/0xd0\nMay 16 04:32:43 ip-10-226-3-33 kernel: [1463835.143164]  [<ffffffff81118ce2>] filemap_fault+0x212/0x3c0\nMay 16 04:32:43 ip-10-226-3-33 kernel: [1463835.143167]  [<ffffffff811393c2>] __do_fault+0x72/0x550\nMay 16 04:32:43 ip-10-226-3-33 kernel: [1463835.143170]  [<ffffffff8113ca7a>] handle_pte_fault+0xfa/0x200\nMay 16 04:32:43 ip-10-226-3-33 kernel: [1463835.143173]  [<ffffffff810063fe>] ? xen_pmd_val+0xe/0x10\nMay 16 04:32:43 ip-10-226-3-33 kernel: [1463835.143176]  [<ffffffff81005379>] ? __raw_callee_save_xen_pmd_val+0x11/0x1e\nMay 16 04:32:43 ip-10-226-3-33 kernel: [1463835.143178]  [<ffffffff8113dd59>] handle_mm_fault+0x269/0x370\nMay 16 04:32:43 ip-10-226-3-33 kernel: [1463835.143181]  [<ffffffff81140720>] ? find_vma+0x60/0x70\nMay 16 04:32:43 ip-10-226-3-33 kernel: [1463835.143185]  [<ffffffff8165e684>] do_page_fault+0x184/0x550\nMay 16 04:32:43 ip-10-226-3-33 kernel: [1463835.143188]  [<ffffffff81004dd2>] ? xen_mc_flush+0xb2/0x1c0\nMay 16 04:32:43 ip-10-226-3-33 kernel: [1463835.143191]  [<ffffffff8103dd05>] ? pvclock_clocksource_read+0x55/0xf0\nMay 16 04:32:43 ip-10-226-3-33 kernel: [1463835.143194]  [<ffffffff8100a8c0>] ? xen_clocksource_read+0x20/0x30\nMay 16 04:32:43 ip-10-226-3-33 kernel: [1463835.143196]  [<ffffffff8100a9a9>] ? xen_clocksource_get_cycles+0x9/0x10\nMay 16 04:32:43 ip-10-226-3-33 kernel: [1463835.143200]  [<ffffffff810945bd>] ? ktime_get_ts+0xad/0xe0\nMay 16 04:32:43 ip-10-226-3-33 kernel: [1463835.143202]  [<ffffffff8165b2b5>] page_fault+0x25/0x30\nMay 16 04:32:43 ip-10-226-3-33 kernel: [1463835.143204] Mem-Info:\nMay 16 04:32:43 ip-10-226-3-33 kernel: [1463835.143205] Node 0 DMA per-cpu:\nMay 16 04:32:43 ip-10-226-3-33 kernel: [1463835.143207] CPU    0: hi:    0, btch:   1 usd:   0\nMay 16 04:32:43 ip-10-226-3-33 kernel: [1463835.143208] CPU    1: hi:    0, btch:   1 usd:   0\nMay 16 04:32:43 ip-10-226-3-33 kernel: [1463835.143210] Node 0 DMA32 per-cpu:\nMay 16 04:32:43 ip-10-226-3-33 kernel: [1463835.143211] CPU    0: hi:  186, btch:  31 usd:  45\nMay 16 04:32:43 ip-10-226-3-33 kernel: [1463835.143213] CPU    1: hi:  186, btch:  31 usd:   0\nMay 16 04:32:43 ip-10-226-3-33 kernel: [1463835.143214] Node 0 Normal per-cpu:\nMay 16 04:32:43 ip-10-226-3-33 kernel: [1463835.143215] CPU    0: hi:  186, btch:  31 usd: 134\nMay 16 04:32:43 ip-10-226-3-33 kernel: [1463835.143216] CPU    1: hi:  186, btch:  31 usd:  29\nMay 16 04:32:43 ip-10-226-3-33 kernel: [1463835.143219] active_anon:1866227 inactive_anon:37 isolated_anon:0\nMay 16 04:32:43 ip-10-226-3-33 kernel: [1463835.143220]  active_file:31 inactive_file:34 isolated_file:0\nMay 16 04:32:43 ip-10-226-3-33 kernel: [1463835.143220]  unevictable:0 dirty:0 writeback:0 unstable:0\nMay 16 04:32:43 ip-10-226-3-33 kernel: [1463835.143221]  free:8243 slab_reclaimable:1944 slab_unreclaimable:3128\nMay 16 04:32:43 ip-10-226-3-33 kernel: [1463835.143222]  mapped:78 shmem:46 pagetables:4108 bounce:0\nMay 16 04:32:43 ip-10-226-3-33 kernel: [1463835.143223] Node 0 DMA free:7856kB min:8kB low:8kB high:12kB active_anon:0kB inactive_anon:0kB active_file:0kB inactive_file:0kB unevictable:0kB isolated(anon):0kB isolated(file):0kB present:7600kB mlocked:0kB dirty:0kB writeback:0kB mapped:0kB shmem:0kB slab_reclaimable:0kB slab_unreclaimable:0kB kernel_stack:0kB pagetables:0kB unstable:0kB bounce:0kB writeback_tmp:0kB pages_scanned:0 all_unreclaimable? yes\nMay 16 04:32:43 ip-10-226-3-33 kernel: [1463835.143229] lowmem_reserve[]: 0 4016 7552 7552\nMay 16 04:32:43 ip-10-226-3-33 kernel: [1463835.143232] Node 0 DMA32 free:19996kB min:5912kB low:7388kB high:8868kB active_anon:4047684kB inactive_anon:0kB active_file:0kB inactive_file:0kB unevictable:0kB isolated(anon):0kB isolated(file):0kB present:4112640kB mlocked:0kB dirty:0kB writeback:0kB mapped:4kB shmem:0kB slab_reclaimable:328kB slab_unreclaimable:996kB kernel_stack:0kB pagetables:7980kB unstable:0kB bounce:0kB writeback_tmp:0kB pages_scanned:35 all_unreclaimable? yes\nMay 16 04:32:43 ip-10-226-3-33 kernel: [1463835.143239] lowmem_reserve[]: 0 0 3535 3535\nMay 16 04:32:43 ip-10-226-3-33 kernel: [1463835.143241] Node 0 Normal free:5120kB min:5204kB low:6504kB high:7804kB active_anon:3417224kB inactive_anon:148kB active_file:124kB inactive_file:136kB unevictable:0kB isolated(anon):0kB isolated(file):0kB present:3620736kB mlocked:0kB dirty:0kB writeback:0kB mapped:308kB shmem:184kB slab_reclaimable:7448kB slab_unreclaimable:11516kB kernel_stack:1096kB pagetables:8452kB unstable:0kB bounce:0kB writeback_tmp:0kB pages_scanned:821 all_unreclaimable? yes\nMay 16 04:32:43 ip-10-226-3-33 kernel: [1463835.143247] lowmem_reserve[]: 0 0 0 0\nMay 16 04:32:43 ip-10-226-3-33 kernel: [1463835.143250] Node 0 DMA: 2*4kB 3*8kB 1*16kB 2*32kB 3*64kB 3*128kB 2*256kB 1*512kB 2*1024kB 2*2048kB 0*4096kB = 7856kB\nMay 16 04:32:43 ip-10-226-3-33 kernel: [1463835.143257] Node 0 DMA32: 197*4kB 125*8kB 58*16kB 44*32kB 34*64kB 11*128kB 6*256kB 3*512kB 3*1024kB 1*2048kB 1*4096kB = 19996kB\nMay 16 04:32:43 ip-10-226-3-33 kernel: [1463835.143264] Node 0 Normal: 446*4kB 7*8kB 3*16kB 1*32kB 0*64kB 1*128kB 0*256kB 0*512kB 1*1024kB 1*2048kB 0*4096kB = 5120kB\nMay 16 04:32:43 ip-10-226-3-33 kernel: [1463835.143270] 182 total pagecache pages\nMay 16 04:32:43 ip-10-226-3-33 kernel: [1463835.143272] 0 pages in swap cache\nMay 16 04:32:43 ip-10-226-3-33 kernel: [1463835.143273] Swap cache stats: add 0, delete 0, find 0/0\nMay 16 04:32:43 ip-10-226-3-33 kernel: [1463835.143274] Free swap  = 0kB\nMay 16 04:32:43 ip-10-226-3-33 kernel: [1463835.143275] Total swap = 0kB\nMay 16 04:32:43 ip-10-226-3-33 kernel: [1463835.154097] 1968112 pages RAM\nMay 16 04:32:43 ip-10-226-3-33 kernel: [1463835.154100] 60748 pages reserved\nMay 16 04:32:43 ip-10-226-3-33 kernel: [1463835.154101] 213 pages shared\nMay 16 04:32:43 ip-10-226-3-33 kernel: [1463835.154103] 1898606 pages non-shared\nMay 16 04:32:43 ip-10-226-3-33 kernel: [1463835.154105] [ pid ]   uid  tgid total_vm      rss cpu oom_adj oom_score_adj name\nMay 16 04:32:43 ip-10-226-3-33 kernel: [1463835.154113] [  272]     0   272     4309       46   1       0             0 upstart-udev-br\nMay 16 04:32:43 ip-10-226-3-33 kernel: [1463835.154117] [  274]     0   274     5401      132   1     -17         -1000 udevd\nMay 16 04:32:43 ip-10-226-3-33 kernel: [1463835.154121] [  355]     0   355     5400      127   0     -17         -1000 udevd\nMay 16 04:32:43 ip-10-226-3-33 kernel: [1463835.154124] [  357]     0   357     5400      128   1     -17         -1000 udevd\nMay 16 04:32:43 ip-10-226-3-33 kernel: [1463835.154127] [  418]     0   418     3798       49   1       0             0 upstart-socket-\nMay 16 04:32:43 ip-10-226-3-33 kernel: [1463835.154131] [  464]     0   464     1817      124   0       0             0 dhclient3\nMay 16 04:32:43 ip-10-226-3-33 kernel: [1463835.154134] [  626]     0   626    12509      152   1     -17         -1000 sshd\nMay 16 04:32:43 ip-10-226-3-33 kernel: [1463835.154138] [  642]   101   642    63527      708   0       0             0 rsyslogd\nMay 16 04:32:43 ip-10-226-3-33 kernel: [1463835.154141] [  650]   102   650     5955       74   1       0             0 dbus-daemon\nMay 16 04:32:43 ip-10-226-3-33 kernel: [1463835.154144] [  714]     0   714     3234       40   0       0             0 getty\nMay 16 04:32:43 ip-10-226-3-33 kernel: [1463835.154148] [  723]     0   723     3234       42   1       0             0 getty\nMay 16 04:32:43 ip-10-226-3-33 kernel: [1463835.154151] [  735]     0   735     3234       42   1       0             0 getty\nMay 16 04:32:43 ip-10-226-3-33 kernel: [1463835.154154] [  736]     0   736     3234       41   1       0             0 getty\nMay 16 04:32:43 ip-10-226-3-33 kernel: [1463835.154157] [  741]     0   741     3234       41   0       0             0 getty\nMay 16 04:32:43 ip-10-226-3-33 kernel: [1463835.154160] [  748]     0   748     1083       35   1       0             0 acpid\nMay 16 04:32:43 ip-10-226-3-33 kernel: [1463835.154164] [  749]     0   749     4779       51   0       0             0 cron\nMay 16 04:32:43 ip-10-226-3-33 kernel: [1463835.154167] [  750]     0   750     4228       39   1       0             0 atd\nMay 16 04:32:43 ip-10-226-3-33 kernel: [1463835.154170] [  788]     0   788     3234       41   1       0             0 getty\nMay 16 04:32:43 ip-10-226-3-33 kernel: [1463835.154173] [  790]   103   790    46919      300   1       0             0 whoopsie\nMay 16 04:32:43 ip-10-226-3-33 kernel: [1463835.154177] [ 4853]   106  4853     9444      159   0       0             0 ntpd\nMay 16 04:32:43 ip-10-226-3-33 kernel: [1463835.154180] [16673]  1000 16673  1931349  1861754   0       0             0 rethinkdb\nMay 16 04:32:43 ip-10-226-3-33 kernel: [1463835.154184] Out of memory: Kill process 16673 (rethinkdb) score 978 or sacrifice child\nMay 16 04:32:43 ip-10-226-3-33 kernel: [1463835.154203] Killed process 16673 (rethinkdb) total-vm:7725396kB, anon-rss:7447016kB, file-rss:0kB\n```\n\n```\n$ rethinkdb --version\nrethinkdb 1.12.4-0ubuntu1~precise (GCC 4.6.3)\n```\n"
  , issueState = "closed"
  , issueId = Id 33648519
  , issueComments = 42
  , issueMilestone =
      Just
        Milestone
          { milestoneCreator =
              SimpleUser
                { simpleUserId = Id 706854
                , simpleUserLogin = N "AtnNn"
                , simpleUserAvatarUrl =
                    "https://avatars.githubusercontent.com/u/706854?v=3"
                , simpleUserUrl = "https://api.github.com/users/AtnNn"
                , simpleUserType = OwnerUser
                }
          , milestoneDueOn = Nothing
          , milestoneOpenIssues = 0
          , milestoneNumber = 64
          , milestoneClosedIssues = 228
          , milestoneDescription =
              Just
                "These issues are no longer relevant to the current version of RethinkDB"
          , milestoneTitle = "outdated"
          , milestoneUrl =
              "https://api.github.com/repos/rethinkdb/rethinkdb/milestones/64"
          , milestoneCreatedAt = 2014 (-03) (-28) 00 : 17 : 40 UTC
          , milestoneState = "closed"
          }
  }