Issue
  { issueClosedAt = Just 2014 (-07) (-09) 20 : 41 : 25 UTC
  , issueUpdatedAt = 2014 (-07) (-09) 20 : 41 : 33 UTC
  , issueEventsUrl =
      "https://api.github.com/repos/rethinkdb/rethinkdb/issues/2666/events"
  , issueHtmlUrl =
      Just "https://github.com/rethinkdb/rethinkdb/issues/2666"
  , issueClosedBy = Nothing
  , issueLabels =
      [ IssueLabel
          { labelColor = "444444"
          , labelUrl =
              "https://api.github.com/repos/rethinkdb/rethinkdb/labels/cp:build"
          , labelName = "cp:build"
          }
      ]
  , issueNumber = 2666
  , issueAssignee =
      Just
        SimpleUser
          { simpleUserId = Id 706854
          , simpleUserLogin = N "AtnNn"
          , simpleUserAvatarUrl =
              "https://avatars.githubusercontent.com/u/706854?v=3"
          , simpleUserUrl = "https://api.github.com/users/AtnNn"
          , simpleUserType = OwnerUser
          }
  , issueUser =
      SimpleUser
        { simpleUserId = Id 258437
        , simpleUserLogin = N "srh"
        , simpleUserAvatarUrl =
            "https://avatars.githubusercontent.com/u/258437?v=3"
        , simpleUserUrl = "https://api.github.com/users/srh"
        , simpleUserType = OwnerUser
        }
  , issueTitle = "Building is not idempotent"
  , issuePullRequest = Nothing
  , issueUrl =
      "https://api.github.com/repos/rethinkdb/rethinkdb/issues/2666"
  , issueCreatedAt = 2014 (-07) (-07) 20 : 42 : 49 UTC
  , issueBody =
      Just
        "To get everything built, apparently you have to run make twice.\n\n```\n[13:38:29] sam@newton:~/rethinkdb$ git status\n# On branch next\nnothing to commit (working directory clean)\n[13:38:35] sam@newton:~/rethinkdb$ git clean -fxd\n[13:38:36] sam@newton:~/rethinkdb$ ./configure CXX=recc\n* Detecting system configuration\nBash:                           4.2.25(1)-release\nUse ccache:                     no\nC++ Compiler:                   CLANG 3.2 (/usr/local/bin/recc)\nHost System:                    x86_64-unknown-linux-gnu\nBuild System:                   Linux 3.2.0-61-generic x86_64\nCross-compiling:                no\nHost Operating System:          Linux\nWithout tcmalloc:               no\nBuild Architecture:             x86_64\nstdlib:                         -lstdc++\nC++11:                          ok\nPrecompiled web assets:         no\nProtobuf compiler:              /usr/local/bin/protoc\npython:                         python 2.7.3\nNode.js package manager:        /usr/local/bin/npm\nLESS css:                       lessc 1.3.3\nCoffeeScript:                   coffee 1.7.0\nHandlebars:                     external/handlebars_1.3.0\nBrowserify:                     browserify 3.24.13\nbluebird:                       external/bluebird_1.2.1\nwget:                           /usr/bin/wget\ncurl:                           /usr/bin/curl\nprotobuf:                       -lprotobuf\nv8:                             -lv8\nRE2:                            external/re2_20140111\nz:                              -lz\ncurl:                           -lcurl\nGoogle Test:                    external/gtest_1.6.0\ntermcap:                        -ltermcap\nboost_system:                   -lboost_system\nUse pre-3.19 v8 API:            yes\ntcmalloc_minimal (static):      /usr/lib/libtcmalloc_minimal.a\nTest protobuf:                  ok\nTest boost:                     ok\nInstallation prefix:            /usr/local\nConfiguration prefix:           /usr/local/etc\nRuntime data prefix:            /usr/local/var\n* Wrote configuration to config.mk\n[13:38:43] sam@newton:~/rethinkdb$ make -j72 DEBUG=1\n    [1/386] INSTALL-INCLUDE gtest_1.6.0\n    [2/386] PROTOC[CPP] src/rdb_protocol/ql2.proto\n    [3/386] PROTOC[CPP] src/rdb_protocol/ql2_extensions.proto\n    [4/386] INSTALL-INCLUDE re2_20140111\n    [5/386] CP build/debug_clang/rethinkdb-gdb.py\n...\n    [382/386] LD build/debug_clang/rethinkdb-unittest\n    [383/386] CP build/packages/js/node_modules/bluebird\n    [384/386] BROWSERIFY build/drivers/javascript/rethinkdb.js\n    [385/386] CP build/debug_clang/rethinkdb_web_assets/js/rethinkdb.js\n    [386/386] HANDLEBARS build/debug_clang/rethinkdb_web_assets/js/template.js\n[13:40:07] sam@newton:~/rethinkdb$ make -j72 DEBUG=1\n    [1/5] CONVERT_PROTOFILE build/drivers/javascript/proto-def.js\n    [2/5] CP ./build/packages/js\n    [3/5] CP build/packages/js/node_modules/bluebird\n    [4/5] BROWSERIFY build/drivers/javascript/rethinkdb.js\n    [5/5] CP build/debug_clang/rethinkdb_web_assets/js/rethinkdb.js\n[13:40:58] sam@newton:~/rethinkdb$ git log -1\ncommit 86756487c375fe165f75929eb777ba298f948fac\n```\n"
  , issueState = "closed"
  , issueId = Id 37308199
  , issueComments = 2
  , issueMilestone =
      Just
        Milestone
          { milestoneCreator =
              SimpleUser
                { simpleUserId = Id 48436
                , simpleUserLogin = N "coffeemug"
                , simpleUserAvatarUrl =
                    "https://avatars.githubusercontent.com/u/48436?v=3"
                , simpleUserUrl = "https://api.github.com/users/coffeemug"
                , simpleUserType = OwnerUser
                }
          , milestoneDueOn = Nothing
          , milestoneOpenIssues = 0
          , milestoneNumber = 71
          , milestoneClosedIssues = 113
          , milestoneDescription = Just ""
          , milestoneTitle = "1.14"
          , milestoneUrl =
              "https://api.github.com/repos/rethinkdb/rethinkdb/milestones/71"
          , milestoneCreatedAt = 2014 (-06) (-11) 22 : 31 : 05 UTC
          , milestoneState = "closed"
          }
  }